Component: ARM Compiler 6.15 Tool: armlink [5dd79300]

==============================================================================

Section Cross References

    main.o(MAINFUNCTION) refers to main.o(GLOBAL_VARIABLES) for PROGRAM_STATUS
    main.o(MAINFUNCTION) refers to main.o(IN_DATA_AREA) for IN_DATA
    main.o(MAINFUNCTION) refers to main.o(IN_DATA_FLAG_AREA) for IN_DATA_FLAG
    main.o(MAINFUNCTION) refers to main.o(ALLOCATION_TABLE) for AT_MEM
    main.o(MAINFUNCTION) refers to main.o(ARRAY_AREA) for LOG_MEM
    main.o(MAINFUNCTION) refers to main.o(DATA_AREA) for DATA_MEM
    startup_armcm0plus.o(STACK) refers (Special) to heapauxi.o(.text) for __use_two_region_memory
    startup_armcm0plus.o(HEAP) refers (Special) to heapauxi.o(.text) for __use_two_region_memory
    startup_armcm0plus.o(RESET) refers (Special) to heapauxi.o(.text) for __use_two_region_memory
    startup_armcm0plus.o(RESET) refers to startup_armcm0plus.o(STACK) for __initial_sp
    startup_armcm0plus.o(RESET) refers to startup_armcm0plus.o(.text) for Reset_Handler
    startup_armcm0plus.o(RESET) refers to main.o(MAINFUNCTION) for SysTick_Handler
    startup_armcm0plus.o(.text) refers (Special) to heapauxi.o(.text) for __use_two_region_memory
    startup_armcm0plus.o(.text) refers to system_armcm0plus.o(.text.SystemInit) for SystemInit
    startup_armcm0plus.o(.text) refers to main.o(MAINFUNCTION) for __main
    system_armcm0plus.o(.text.SystemCoreClockUpdate) refers to system_armcm0plus.o(.data.SystemCoreClock) for SystemCoreClock
    system_armcm0plus.o(.ARM.exidx.text.SystemCoreClockUpdate) refers to system_armcm0plus.o(.text.SystemCoreClockUpdate) for [Anonymous Symbol]
    system_armcm0plus.o(.text.SystemInit) refers to system_armcm0plus.o(.data.SystemCoreClock) for SystemCoreClock
    system_armcm0plus.o(.ARM.exidx.text.SystemInit) refers to system_armcm0plus.o(.text.SystemInit) for [Anonymous Symbol]


==============================================================================

Removing Unused input sections from the image.

    Removing startup_armcm0plus.o(HEAP), (3072 bytes).
    Removing system_armcm0plus.o(.text), (0 bytes).
    Removing system_armcm0plus.o(.text.SystemCoreClockUpdate), (16 bytes).
    Removing system_armcm0plus.o(.ARM.exidx.text.SystemCoreClockUpdate), (8 bytes).
    Removing system_armcm0plus.o(.ARM.exidx.text.SystemInit), (8 bytes).

5 unused section(s) (total 3104 bytes) removed from the image.

==============================================================================

Image Symbol Table

    Local Symbols

    Symbol Name                              Value     Ov Type        Size  Object(Section)

    ../clib/heapaux.c                        0x00000000   Number         0  heapauxi.o ABSOLUTE
    RTE/Device/ARMCM0P/startup_ARMCM0plus.s  0x00000000   Number         0  startup_armcm0plus.o ABSOLUTE
    dc.s                                     0x00000000   Number         0  dc.o ABSOLUTE
    main.s                                   0x00000000   Number         0  main.o ABSOLUTE
    system_ARMCM0plus.c                      0x00000000   Number         0  system_armcm0plus.o ABSOLUTE
    RESET                                    0x00000000   Section      192  startup_armcm0plus.o(RESET)
    .text                                    0x000000c0   Section       44  startup_armcm0plus.o(.text)
    .text                                    0x000000ec   Section        0  heapauxi.o(.text)
    [Anonymous Symbol]                       0x000000f4   Section        0  system_armcm0plus.o(.text.SystemInit)
    __arm_cp.1_0                             0x000000fc   Number         4  system_armcm0plus.o(.text.SystemInit)
    __arm_cp.1_1                             0x00000100   Number         4  system_armcm0plus.o(.text.SystemInit)
    MAINFUNCTION                             0x00000104   Section      868  main.o(MAINFUNCTION)
    SysTick_Init                             0x000001cf   Thumb Code    32  main.o(MAINFUNCTION)
    SysTick_Stop                             0x000001ef   Thumb Code    24  main.o(MAINFUNCTION)
    Clear_Alloc                              0x00000207   Thumb Code    26  main.o(MAINFUNCTION)
    Clear_ErrorLogs                          0x00000221   Thumb Code    26  main.o(MAINFUNCTION)
    Init_GlobVars                            0x0000023b   Thumb Code    26  main.o(MAINFUNCTION)
    Malloc                                   0x00000255   Thumb Code    76  main.o(MAINFUNCTION)
    Free                                     0x000002a1   Thumb Code    46  main.o(MAINFUNCTION)
    Insert                                   0x000002cf   Thumb Code    82  main.o(MAINFUNCTION)
    Remove                                   0x00000321   Thumb Code    78  main.o(MAINFUNCTION)
    LinkedList2Arr                           0x0000036f   Thumb Code    42  main.o(MAINFUNCTION)
    WriteErrorLog                            0x00000399   Thumb Code    44  main.o(MAINFUNCTION)
    GetNow                                   0x000003c5   Thumb Code    18  main.o(MAINFUNCTION)
    Clear_Array                              0x000003d7   Thumb Code    26  main.o(MAINFUNCTION)
    IN_DATA                                  0x00000468   Data          56  main.o(IN_DATA_AREA)
    IN_DATA_AREA                             0x00000468   Section       56  main.o(IN_DATA_AREA)
    END_IN_DATA                              0x000004a0   Data           0  main.o(IN_DATA_AREA)
    IN_DATA_FLAG                             0x000004a0   Data          56  main.o(IN_DATA_FLAG_AREA)
    IN_DATA_FLAG_AREA                        0x000004a0   Section       56  main.o(IN_DATA_FLAG_AREA)
    AT_MEM                                   0x20000004   Data          80  main.o(ALLOCATION_TABLE)
    ALLOCATION_TABLE                         0x20000004   Section       80  main.o(ALLOCATION_TABLE)
    ARRAY_MEM                                0x20000054   Data        2560  main.o(ARRAY_AREA)
    ARRAY_AREA                               0x20000054   Section    10240  main.o(ARRAY_AREA)
    LOG_MEM                                  0x20000a54   Data        7680  main.o(ARRAY_AREA)
    DATA_MEM                                 0x20002854   Data        5120  main.o(DATA_AREA)
    DATA_AREA                                0x20002854   Section     5120  main.o(DATA_AREA)
    TICK_COUNT                               0x20003c54   Data           4  main.o(GLOBAL_VARIABLES)
    GLOBAL_VARIABLES                         0x20003c54   Section       20  main.o(GLOBAL_VARIABLES)
    FIRST_ELEMENT                            0x20003c58   Data           4  main.o(GLOBAL_VARIABLES)
    INDEX_INPUT_DS                           0x20003c5c   Data           4  main.o(GLOBAL_VARIABLES)
    INDEX_ERROR_LOG                          0x20003c60   Data           4  main.o(GLOBAL_VARIABLES)
    PROGRAM_STATUS                           0x20003c64   Data           4  main.o(GLOBAL_VARIABLES)
    STACK                                    0x20003c68   Section     1024  startup_armcm0plus.o(STACK)

    Global Symbols

    Symbol Name                              Value     Ov Type        Size  Object(Section)

    BuildAttributes$$THM_ISAv3M$S$PE$A:L22$X:L11$S22$IEEE1$IW$~IW$USESV6$~STKCKD$USESV7$~SHL$OTIME$ROPI$EBA8$STANDARDLIB$REQ8$EABIv2 0x00000000   Number         0  anon$$obj.o ABSOLUTE
    __Vectors                                0x00000000   Data           4  startup_armcm0plus.o(RESET)
    Reset_Handler                            0x000000c1   Thumb Code     8  startup_armcm0plus.o(.text)
    __Vectors_End                            0x000000c0   Data           0  startup_armcm0plus.o(RESET)
    __Vectors_Size                           0x000000c0   Number         0  startup_armcm0plus.o ABSOLUTE
    HardFault_Handler                        0x000000c9   Thumb Code     2  startup_armcm0plus.o(.text)
    NMI_Handler                              0x000000cb   Thumb Code     2  startup_armcm0plus.o(.text)
    SVC_Handler                              0x000000cd   Thumb Code     2  startup_armcm0plus.o(.text)
    PendSV_Handler                           0x000000cf   Thumb Code     2  startup_armcm0plus.o(.text)
    Interrupt0_Handler                       0x000000d1   Thumb Code     2  startup_armcm0plus.o(.text)
    Interrupt1_Handler                       0x000000d3   Thumb Code     2  startup_armcm0plus.o(.text)
    Interrupt2_Handler                       0x000000d5   Thumb Code     2  startup_armcm0plus.o(.text)
    Interrupt3_Handler                       0x000000d7   Thumb Code     2  startup_armcm0plus.o(.text)
    Interrupt4_Handler                       0x000000d9   Thumb Code     2  startup_armcm0plus.o(.text)
    Interrupt5_Handler                       0x000000db   Thumb Code     2  startup_armcm0plus.o(.text)
    Interrupt6_Handler                       0x000000dd   Thumb Code     2  startup_armcm0plus.o(.text)
    Interrupt7_Handler                       0x000000df   Thumb Code     2  startup_armcm0plus.o(.text)
    Interrupt8_Handler                       0x000000e1   Thumb Code     2  startup_armcm0plus.o(.text)
    Interrupt9_Handler                       0x000000e3   Thumb Code     2  startup_armcm0plus.o(.text)
    __use_two_region_memory                  0x000000ed   Thumb Code     2  heapauxi.o(.text)
    __rt_heap_escrow$2region                 0x000000ef   Thumb Code     2  heapauxi.o(.text)
    __rt_heap_expand$2region                 0x000000f1   Thumb Code     2  heapauxi.o(.text)
    SystemInit                               0x000000f5   Thumb Code    16  system_armcm0plus.o(.text.SystemInit)
    __main                                   0x00000105   Thumb Code    26  main.o(MAINFUNCTION)
    SysTick_Handler                          0x0000011f   Thumb Code   176  main.o(MAINFUNCTION)
    SystemCoreClock                          0x20000000   Data           4  system_armcm0plus.o(.data.SystemCoreClock)
    __stack_limit                            0x20003c68   Data           0  startup_armcm0plus.o(STACK)
    __initial_sp                             0x20004068   Data           0  startup_armcm0plus.o(STACK)



==============================================================================

Memory Map of the image

  Image Entry point : 0x000000c1

  Load Region LR_1 (Base: 0x00000000, Size: 0x00004140, Max: 0xffffffff, ABSOLUTE)

    Execution Region ER_RO (Exec base: 0x00000000, Load base: 0x00000000, Size: 0x000004d8, Max: 0xffffffff, ABSOLUTE)

    Exec Addr    Load Addr    Size         Type   Attr      Idx    E Section Name        Object

    0x00000000   0x00000000   0x000000c0   Data   RO           15    RESET               startup_armcm0plus.o
    0x000000c0   0x000000c0   0x0000002c   Code   RO           16  * .text               startup_armcm0plus.o
    0x000000ec   0x000000ec   0x00000006   Code   RO           34    .text               c_p.l(heapauxi.o)
    0x000000f2   0x000000f2   0x00000002   PAD
    0x000000f4   0x000000f4   0x00000010   Code   RO           23    .text.SystemInit    system_armcm0plus.o
    0x00000104   0x00000104   0x00000364   Code   RO            7  * MAINFUNCTION        main.o
    0x00000468   0x00000468   0x00000038   Data   RO            1    IN_DATA_AREA        main.o
    0x000004a0   0x000004a0   0x00000038   Data   RO            2    IN_DATA_FLAG_AREA   main.o


    Execution Region ER_RW (Exec base: 0x20000000, Load base: 0x000004d8, Size: 0x00003c68, Max: 0xffffffff, ABSOLUTE)

    Exec Addr    Load Addr    Size         Type   Attr      Idx    E Section Name        Object

    0x20000000   0x000004d8   0x00000004   Data   RW           25    .data.SystemCoreClock  system_armcm0plus.o
    0x20000004   0x000004dc   0x00000050   Data   RW            4    ALLOCATION_TABLE    main.o
    0x20000054   0x0000052c   0x00002800   Data   RW            6    ARRAY_AREA          main.o
    0x20002854   0x00002d2c   0x00001400   Data   RW            5    DATA_AREA           main.o
    0x20003c54   0x0000412c   0x00000014   Data   RW            3    GLOBAL_VARIABLES    main.o


    Execution Region ER_ZI (Exec base: 0x20003c68, Load base: 0x00004140, Size: 0x00000400, Max: 0xffffffff, ABSOLUTE)

    Exec Addr    Load Addr    Size         Type   Attr      Idx    E Section Name        Object

    0x20003c68        -       0x00000400   Zero   RW           13    STACK               startup_armcm0plus.o


==============================================================================

Image component sizes


      Code (inc. data)   RO Data    RW Data    ZI Data      Debug   Object Name

       868        120        112      15460          0       1192   main.o
        44          8        192          0       1024        948   startup_armcm0plus.o
        16          8          0          4          0        645   system_armcm0plus.o

    ----------------------------------------------------------------------
       928        136        304      15464       1024       2785   Object Totals
         0          0          0          0          0          0   (incl. Generated)
         0          0          0          0          0          0   (incl. Padding)

    ----------------------------------------------------------------------

      Code (inc. data)   RO Data    RW Data    ZI Data      Debug   Library Member Name

         6          0          0          0          0        136   heapauxi.o

    ----------------------------------------------------------------------
         8          0          0          0          0        136   Library Totals
         2          0          0          0          0          0   (incl. Padding)

    ----------------------------------------------------------------------

      Code (inc. data)   RO Data    RW Data    ZI Data      Debug   Library Name

         6          0          0          0          0        136   c_p.l

    ----------------------------------------------------------------------
         8          0          0          0          0        136   Library Totals

    ----------------------------------------------------------------------

==============================================================================


      Code (inc. data)   RO Data    RW Data    ZI Data      Debug   

       936        136        304      15464       1024       2869   Grand Totals
       936        136        304      15464       1024       2869   ELF Image Totals
       936        136        304      15464          0          0   ROM Totals

==============================================================================

    Total RO  Size (Code + RO Data)                 1240 (   1.21kB)
    Total RW  Size (RW Data + ZI Data)             16488 (  16.10kB)
    Total ROM Size (Code + RO Data + RW Data)      16704 (  16.31kB)

==============================================================================

